2026-07-21 19:11:57.847 [main] DEBUG i.g.o.m.command.ClassPathScanner - registered command: APPEND -> io.github.ogc.miniredis.command.AppendCommand
2026-07-21 19:11:57.860 [main] DEBUG i.g.o.m.command.ClassPathScanner - registered command: COMMAND -> io.github.ogc.miniredis.command.CommandCommand
2026-07-21 19:11:57.861 [main] DEBUG i.g.o.m.command.ClassPathScanner - registered command: DECR -> io.github.ogc.miniredis.command.DecrCommand
2026-07-21 19:11:57.862 [main] DEBUG i.g.o.m.command.ClassPathScanner - registered command: DEL -> io.github.ogc.miniredis.command.DelCommand
2026-07-21 19:11:57.862 [main] DEBUG i.g.o.m.command.ClassPathScanner - registered command: ECHO -> io.github.ogc.miniredis.command.EchoCommand
2026-07-21 19:11:57.863 [main] DEBUG i.g.o.m.command.ClassPathScanner - registered command: EXPIRE -> io.github.ogc.miniredis.command.ExpireCommand
2026-07-21 19:11:57.863 [main] DEBUG i.g.o.m.command.ClassPathScanner - registered command: GET -> io.github.ogc.miniredis.command.GetCommand
2026-07-21 19:11:57.865 [main] DEBUG i.g.o.m.command.ClassPathScanner - registered command: INCR -> io.github.ogc.miniredis.command.IncrCommand
2026-07-21 19:11:57.867 [main] DEBUG i.g.o.m.command.ClassPathScanner - registered command: PING -> io.github.ogc.miniredis.command.PingCommand
2026-07-21 19:11:57.868 [main] DEBUG i.g.o.m.command.ClassPathScanner - registered command: SET -> io.github.ogc.miniredis.command.SetCommand
2026-07-21 19:11:57.869 [main] DEBUG i.g.o.m.command.ClassPathScanner - registered command: STRLEN -> io.github.ogc.miniredis.command.StrlenCommand
2026-07-21 19:11:57.869 [main] INFO  i.g.o.m.command.ClassPathScanner - scanned 11 commands from package io.github.ogc.miniredis.command
2026-07-21 19:11:57.870 [main] INFO  i.g.o.m.command.CommandDispatcher - CommandDispatcher initialized with 11 commands
2026-07-21 19:18:22.605 [main] DEBUG i.g.o.m.command.ClassPathScanner - registered command: APPEND -> io.github.ogc.miniredis.command.AppendCommand
2026-07-21 19:18:22.608 [main] DEBUG i.g.o.m.command.ClassPathScanner - registered command: COMMAND -> io.github.ogc.miniredis.command.CommandCommand
2026-07-21 19:18:22.609 [main] DEBUG i.g.o.m.command.ClassPathScanner - registered command: DECR -> io.github.ogc.miniredis.command.DecrCommand
2026-07-21 19:18:22.610 [main] DEBUG i.g.o.m.command.ClassPathScanner - registered command: DEL -> io.github.ogc.miniredis.command.DelCommand
2026-07-21 19:18:22.611 [main] DEBUG i.g.o.m.command.ClassPathScanner - registered command: ECHO -> io.github.ogc.miniredis.command.EchoCommand
2026-07-21 19:18:22.611 [main] DEBUG i.g.o.m.command.ClassPathScanner - registered command: EXPIRE -> io.github.ogc.miniredis.command.ExpireCommand
2026-07-21 19:18:22.612 [main] DEBUG i.g.o.m.command.ClassPathScanner - registered command: GET -> io.github.ogc.miniredis.command.GetCommand
2026-07-21 19:18:22.612 [main] DEBUG i.g.o.m.command.ClassPathScanner - registered command: HDEL -> io.github.ogc.miniredis.command.HdelCommand
2026-07-21 19:18:22.613 [main] DEBUG i.g.o.m.command.ClassPathScanner - registered command: HGETALL -> io.github.ogc.miniredis.command.HgetallCommand
2026-07-21 19:18:22.614 [main] DEBUG i.g.o.m.command.ClassPathScanner - registered command: HGET -> io.github.ogc.miniredis.command.HgetCommand
2026-07-21 19:18:22.615 [main] DEBUG i.g.o.m.command.ClassPathScanner - registered command: HLEN -> io.github.ogc.miniredis.command.HlenCommand
2026-07-21 19:18:22.617 [main] DEBUG i.g.o.m.command.ClassPathScanner - registered command: HSET -> io.github.ogc.miniredis.command.HsetCommand
2026-07-21 19:18:22.617 [main] DEBUG i.g.o.m.command.ClassPathScanner - registered command: INCR -> io.github.ogc.miniredis.command.IncrCommand
2026-07-21 19:18:22.619 [main] DEBUG i.g.o.m.command.ClassPathScanner - registered command: PING -> io.github.ogc.miniredis.command.PingCommand
2026-07-21 19:18:22.619 [main] DEBUG i.g.o.m.command.ClassPathScanner - registered command: SET -> io.github.ogc.miniredis.command.SetCommand
2026-07-21 19:18:22.620 [main] DEBUG i.g.o.m.command.ClassPathScanner - registered command: STRLEN -> io.github.ogc.miniredis.command.StrlenCommand
2026-07-21 19:18:22.620 [main] INFO  i.g.o.m.command.ClassPathScanner - scanned 16 commands from package io.github.ogc.miniredis.command
2026-07-21 19:18:22.620 [main] INFO  i.g.o.m.command.CommandDispatcher - CommandDispatcher initialized with 16 commands
2026-07-21 19:27:04.561 [main] DEBUG i.g.o.m.command.ClassPathScanner - registered command: APPEND -> io.github.ogc.miniredis.command.AppendCommand
2026-07-21 19:27:04.565 [main] DEBUG i.g.o.m.command.ClassPathScanner - registered command: COMMAND -> io.github.ogc.miniredis.command.CommandCommand
2026-07-21 19:27:04.565 [main] DEBUG i.g.o.m.command.ClassPathScanner - registered command: DECR -> io.github.ogc.miniredis.command.DecrCommand
2026-07-21 19:27:04.565 [main] DEBUG i.g.o.m.command.ClassPathScanner - registered command: DEL -> io.github.ogc.miniredis.command.DelCommand
2026-07-21 19:27:04.570 [main] DEBUG i.g.o.m.command.ClassPathScanner - registered command: ECHO -> io.github.ogc.miniredis.command.EchoCommand
2026-07-21 19:27:04.570 [main] DEBUG i.g.o.m.command.ClassPathScanner - registered command: EXPIRE -> io.github.ogc.miniredis.command.ExpireCommand
2026-07-21 19:27:04.570 [main] DEBUG i.g.o.m.command.ClassPathScanner - registered command: GET -> io.github.ogc.miniredis.command.GetCommand
2026-07-21 19:27:04.570 [main] DEBUG i.g.o.m.command.ClassPathScanner - registered command: HDEL -> io.github.ogc.miniredis.command.HdelCommand
2026-07-21 19:27:04.570 [main] DEBUG i.g.o.m.command.ClassPathScanner - registered command: HGETALL -> io.github.ogc.miniredis.command.HgetallCommand
2026-07-21 19:27:04.570 [main] DEBUG i.g.o.m.command.ClassPathScanner - registered command: HGET -> io.github.ogc.miniredis.command.HgetCommand
2026-07-21 19:27:04.570 [main] DEBUG i.g.o.m.command.ClassPathScanner - registered command: HLEN -> io.github.ogc.miniredis.command.HlenCommand
2026-07-21 19:27:04.570 [main] DEBUG i.g.o.m.command.ClassPathScanner - registered command: HSET -> io.github.ogc.miniredis.command.HsetCommand
2026-07-21 19:27:04.570 [main] DEBUG i.g.o.m.command.ClassPathScanner - registered command: INCR -> io.github.ogc.miniredis.command.IncrCommand
2026-07-21 19:27:04.570 [main] DEBUG i.g.o.m.command.ClassPathScanner - registered command: PING -> io.github.ogc.miniredis.command.PingCommand
2026-07-21 19:27:04.570 [main] DEBUG i.g.o.m.command.ClassPathScanner - registered command: SET -> io.github.ogc.miniredis.command.SetCommand
2026-07-21 19:27:04.570 [main] DEBUG i.g.o.m.command.ClassPathScanner - registered command: STRLEN -> io.github.ogc.miniredis.command.StrlenCommand
2026-07-21 19:27:04.570 [main] INFO  i.g.o.m.command.ClassPathScanner - scanned 16 commands from package io.github.ogc.miniredis.command
2026-07-21 19:27:04.570 [main] INFO  i.g.o.m.command.CommandDispatcher - CommandDispatcher initialized with 16 commands
